HI-TECH Software C Compiler 

Linker command line:

-W-3 \
  --edf=C:\Program Files (x86)\HI-TECH Software\PICC\9.82\dat\en_msgs.txt \
  -cs -h+dist/default/debug\mplab_files.X.debug.sym -z -Q16F876 -ol.obj \
  -Mdist/default/debug/mplab_files.X.debug.map -E1 -ACONST=00h-0FFhx31 \
  -ACODE=00h-07FFhx3,01800h-01EFFh -ASTRCODE=00h-01EFFh -AENTRY=00h-0FFhx31 \
  -ASTRING=00h-0FFhx31 -ABANK0=020h-06Fh -ABANK1=0A0h-0EFh \
  -ABANK2=0110h-016Fh -ABANK3=0190h-01E4h \
  -ARAM=020h-06Fh,0A0h-0EFh,0110h-016Fh,0190h-01E4h \
  -AABS1=020h-07Fh,0A0h-0EFh,0110h-016Fh,0190h-01EFh -ACOMMON=071h-07Fh \
  -ASFR0=00h-01Fh -ASFR1=080h-09Fh -ASFR2=0100h-010Fh -ASFR3=0180h-018Fh \
  -preset_vec=00h,intentry,init,end_init -ppowerup=CODE -pfunctab=CODE \
  -ACONFIG=02007h-02007h -pconfig=CONFIG -DCONFIG=2 -AIDLOC=02000h-02003h \
  -pidloc=IDLOC -DIDLOC=2 -AEEDATA=00h-0FFh/02100h -peeprom_data=EEDATA \
  -DEEDATA=2 -DCODE=2 -DSTRCODE=2 -DSTRING=2 -DCONST=2 -DENTRY=2 -k \
  C:\Users\Lorenzo\AppData\Local\Temp\so4.obj \
  dist/default/debug\mplab_files.X.debug.obj 

Object code version is 3.10

Machine type is 16F876



                Name                               Link     Load   Length Selector   Space Scale
C:\Users\Lorenzo\AppData\Local\Temp\so4.obj
                end_init                              1        1        3        0       0
                reset_vec                             0        0        1        0       0
dist/default/debug\mplab_files.X.debug.obj
                config                             2007     2007        1     400E       0
                text174                             567      567        7      ACE       0
                text173                             605      605       74      C0A       0
                text172                             59D      59D       68      B3A       0
                text171                             71D      71D       E3      E3A       0
                maintext                            679      679       A4      CF2       0
                cstackBANK0                          20       20       2A       20       1
                cstackCOMMON                         71       71        D       71       1
                inittext                            58A      58A       13      B14       0
                dataBANK0                            4A       4A        A       20       1
                cinit                               578      578       12      AF0       0
                idataBANK0                          56E      56E        A      ADC       0

TOTAL           Name                               Link     Load   Length     Space
        CLASS   CONST          

        CLASS   CODE           
                end_init                              1        1        3         0
                reset_vec                             0        0        1         0
                text174                             567      567        7         0
                text173                             605      605       74         0
                text172                             59D      59D       68         0
                text171                             71D      71D       E3         0
                maintext                            679      679       A4         0
                inittext                            58A      58A       13         0
                cinit                               578      578       12         0
                idataBANK0                          56E      56E        A         0

        CLASS   STRCODE        

        CLASS   ENTRY          

        CLASS   STRING         

        CLASS   BANK0          
                cstackBANK0                          20       20       2A         1
                dataBANK0                            4A       4A        A         1

        CLASS   BANK1          

        CLASS   BANK2          

        CLASS   BANK3          

        CLASS   RAM            

        CLASS   ABS1           
                abs_s1                               7E       7E        2         1

        CLASS   COMMON         
                cstackCOMMON                         71       71        D         1

        CLASS   SFR0           

        CLASS   SFR1           

        CLASS   SFR2           

        CLASS   SFR3           

        CLASS   CONFIG         
                config                             2007     2007        1         0

        CLASS   IDLOC          

        CLASS   EEDATA         



SEGMENTS        Name                           Load    Length   Top    Selector   Space  Class     Delta

                reset_vec                      000000  000004  000004         0       0  CODE        2
                cstackBANK0                    000020  000034  000054        20       1  BANK0       1
                cstackCOMMON                   000071  00000D  00007E        71       1  COMMON      1
                text174                        000567  000007  00056E       ACE       0  CODE        2
                idataBANK0                     00056E  00000A  000578       ADC       0  CODE        2
                cinit                          000578  000012  00058A       AF0       0  CODE        2
                inittext                       00058A  000013  00059D       B14       0  CODE        2
                text172                        00059D  000068  000605       B3A       0  CODE        2
                text173                        000605  000074  000679       C0A       0  CODE        2
                maintext                       000679  0000A4  00071D       CF2       0  CODE        2
                text171                        00071D  0000E3  000800       E3A       0  CODE        2
                config                         002007  000001  002008      400E       0  CONFIG      2


UNUSED ADDRESS RANGES

        Name                Unused          Largest block    Delta
        BANK0            0054-006F             1C           1
        BANK1            00A0-00EF             50           1
        BANK2            0110-016F             60           1
        BANK3            0190-01E4             55           1
        CODE             0004-0566            563           2
                         0800-1EFF            800
        CONST            0004-0566            100           2
                         0800-1EFF            100
        EEDATA           2100-21FF            100           2
        ENTRY            0004-0566            100           2
                         0800-1EFF            100
        IDLOC            2000-2003              4           2
        RAM              0054-006F             1C           1
                         00A0-00EF             50
                         0110-016F             60
                         0190-01E4             55
        SFR0             0000-001F             20           1
        SFR1             0080-009F             20           1
        SFR2             0100-010F             10           1
        SFR3             0180-018F             10           1
        STRCODE          0004-0566            563           2
                         0800-1EFF           1700
        STRING           0004-0566            100           2
                         0800-1EFF            100

                                  Symbol Table

??_Init               cstackCOMMON 0071
??___awdiv            cstackCOMMON 0075
??___awmod            cstackBANK0  0020
??_dht_get            cstackBANK0  0020
??_main               cstackBANK0  0032
?_Init                cstackCOMMON 0071
?___awdiv             cstackCOMMON 0071
?___awmod             cstackCOMMON 007A
?_dht_get             cstackCOMMON 007A
?_main                cstackCOMMON 0071
_CARRY                (abs)        0018
_EEADR                (abs)        010D
_EECON1               (abs)        018C
_EECON2               (abs)        018D
_EEDATA               (abs)        010C
_GIE                  (abs)        005F
_Init                 text174      0567
_PORTAbits            (abs)        0005
_PORTB                (abs)        0006
_PORTC                (abs)        0007
_RD                   (abs)        0C60
_TRISA                (abs)        0085
_TRISAbits            (abs)        0085
_TRISB                (abs)        0086
_TRISC                (abs)        0087
_WR                   (abs)        0C61
_WREN                 (abs)        0C62
__Habs1               abs1         0000
__Hbank0              bank0        0000
__Hbank1              bank1        0000
__Hbank2              bank2        0000
__Hbank3              bank3        0000
__Hcinit              cinit        0000
__Hclrtext            clrtext      0000
__Hcode               code         0000
__Hcommon             common       0000
__Hconfig             config       2008
__HcstackBANK0        cstackBANK0  0000
__HcstackCOMMON       cstackCOMMON 0000
__HdataBANK0          dataBANK0    0000
__Heeprom_data        eeprom_data  0000
__Hend_init           end_init     0004
__Hfunctab            functab      0000
__HidataBANK0         idataBANK0   0000
__Hidloc              idloc        0000
__Hinit               init         0001
__Hinittext           inittext     0000
__Hintentry           intentry     0001
__Hmaintext           maintext     0000
__Hpowerup            powerup      0000
__Hram                ram          0000
__Hreset_vec          reset_vec    0001
__Hsfr0               sfr0         0000
__Hsfr1               sfr1         0000
__Hsfr2               sfr2         0000
__Hsfr3               sfr3         0000
__Hstrings            strings      0000
__Htext               text         0000
__Labs1               abs1         0000
__Lbank0              bank0        0000
__Lbank1              bank1        0000
__Lbank2              bank2        0000
__Lbank3              bank3        0000
__Lcinit              cinit        0000
__Lclrtext            clrtext      0000
__Lcode               code         0000
__Lcommon             common       0000
__Lconfig             config       2007
__LcstackBANK0        cstackBANK0  0000
__LcstackCOMMON       cstackCOMMON 0000
__LdataBANK0          dataBANK0    0000
__Leeprom_data        eeprom_data  0000
__Lend_init           end_init     0001
__Lfunctab            functab      0000
__LidataBANK0         idataBANK0   0000
__Lidloc              idloc        0000
__Linit               init         0001
__Linittext           inittext     0000
__Lintentry           intentry     0001
__Lmaintext           maintext     0000
__Lpowerup            powerup      0000
__Lram                ram          0000
__Lreset_vec          reset_vec    0000
__Lsfr0               sfr0         0000
__Lsfr1               sfr1         0000
__Lsfr2               sfr2         0000
__Lsfr3               sfr3         0000
__Lstrings            strings      0000
__Ltext               text         0000
__S0                  (abs)        2008
__S1                  (abs)        007E
__S2                  (abs)        0000
___awdiv              text173      0605
___awdiv@counter      cstackCOMMON 0076
___awdiv@dividend     cstackCOMMON 0073
___awdiv@divisor      cstackCOMMON 0071
___awdiv@quotient     cstackCOMMON 0078
___awdiv@sign         cstackCOMMON 0077
___awmod              text172      059D
___awmod@counter      cstackBANK0  0021
___awmod@dividend     cstackCOMMON 007C
___awmod@divisor      cstackCOMMON 007A
___awmod@sign         cstackBANK0  0022
__end_of_Init         text174      056E
__end_of___awdiv      text173      0679
__end_of___awmod      text172      0605
__end_of_dht_get      text171      0800
__end_of_main         maintext     071D
__pcstackBANK0        cstackBANK0  0020
__pcstackCOMMON       cstackCOMMON 0071
__pdataBANK0          dataBANK0    004A
__pidataBANK0         idataBANK0   056E
__pmaintext           maintext     0679
__ptext171            text171      071D
__ptext172            text172      059D
__ptext173            text173      0605
__ptext174            text174      0567
__ptext175            text175      0000
__size_of_Init        (abs)        0000
__size_of___awdiv     (abs)        0000
__size_of___awmod     (abs)        0000
__size_of_dht_get     (abs)        0000
__size_of_main        (abs)        0000
_dht_get              text171      071D
_exit                 init         0001
_main                 maintext     0679
_main$1060            cstackBANK0  0042
btemp                 (abs)        007E
dht_get@RH            cstackCOMMON 007A
dht_get@dati          cstackBANK0  002B
dht_get@i             cstackBANK0  0031
dht_get@j             cstackBANK0  0030
dht_get@tmp           cstackBANK0  002A
end_of_initialization cinit        0586
init_fetch            inittext     058A
init_ram              inittext     058E
intlevel0             functab      0000
intlevel1             functab      0000
intlevel2             functab      0000
intlevel3             functab      0000
intlevel4             functab      0000
intlevel5             functab      0000
main@F919             dataBANK0    004A
main@SevenSeg         cstackBANK0  0036
main@decine           cstackBANK0  0046
main@temp             cstackBANK0  0048
main@umid             cstackBANK0  0044
main@unita            cstackBANK0  0040
reset_vec             reset_vec    0000
start                 init         0001
start_initialization  cinit        0578
wtemp0                (abs)        007E
