HI-TECH Software C Compiler 

Linker command line:

-W-3 \
  --edf=C:\Program Files (x86)\HI-TECH Software\PICC\9.82\dat\en_msgs.txt \
  -cs -h+dist/default/production\mplab_files.X.production.sym -z -Q16F876 \
  -ol.obj -Mdist/default/production/mplab_files.X.production.map -E1 \
  -ACONST=00h-0FFhx32 -ACODE=00h-07FFhx4 -ASTRCODE=00h-01FFFh \
  -AENTRY=00h-0FFhx32 -ASTRING=00h-0FFhx32 -ABANK0=020h-06Fh \
  -ABANK1=0A0h-0EFh -ABANK2=0110h-016Fh -ABANK3=0190h-01EFh \
  -ARAM=020h-06Fh,0A0h-0EFh,0110h-016Fh,0190h-01EFh \
  -AABS1=020h-07Fh,0A0h-0EFh,0110h-016Fh,0190h-01EFh -ACOMMON=070h-07Fh \
  -ASFR0=00h-01Fh -ASFR1=080h-09Fh -ASFR2=0100h-010Fh -ASFR3=0180h-018Fh \
  -preset_vec=00h,intentry,init,end_init -ppowerup=CODE -pfunctab=CODE \
  -ACONFIG=02007h-02007h -pconfig=CONFIG -DCONFIG=2 -AIDLOC=02000h-02003h \
  -pidloc=IDLOC -DIDLOC=2 -AEEDATA=00h-0FFh/02100h -peeprom_data=EEDATA \
  -DEEDATA=2 -DCODE=2 -DSTRCODE=2 -DSTRING=2 -DCONST=2 -DENTRY=2 -k \
  C:\Users\Lorenzo\AppData\Local\Temp\s31o.obj \
  dist/default/production\mplab_files.X.production.obj 

Object code version is 3.10

Machine type is 16F876



                Name                               Link     Load   Length Selector   Space Scale
C:\Users\Lorenzo\AppData\Local\Temp\s31o.obj
                end_init                              0        0        3        0       0
dist/default/production\mplab_files.X.production.obj
                config                             2007     2007        1     400E       0
                text101                             797      797       16      F2E       0
                text100                             7D3      7D3       2D      FA6       0
                text99                              78C      78C        B      F18       0
                maintext                            7AD      7AD       26      F5A       0
                cstackCOMMON                         70       70        9       70       1
                cinit                               788      788        4      F10       0
                strings                               3        3       12        6       0

TOTAL           Name                               Link     Load   Length     Space
        CLASS   CONST          

        CLASS   CODE           
                end_init                              0        0        3         0
                text101                             797      797       16         0
                text100                             7D3      7D3       2D         0
                text99                              78C      78C        B         0
                maintext                            7AD      7AD       26         0
                cinit                               788      788        4         0

        CLASS   STRCODE        

        CLASS   ENTRY          

        CLASS   STRING         
                strings                               3        3       12         0

        CLASS   BANK0          

        CLASS   BANK1          

        CLASS   BANK2          

        CLASS   BANK3          

        CLASS   RAM            

        CLASS   ABS1           
                abs_s1                               7E       7E        2         1

        CLASS   COMMON         
                cstackCOMMON                         70       70        9         1

        CLASS   SFR0           

        CLASS   SFR1           

        CLASS   SFR2           

        CLASS   SFR3           

        CLASS   CONFIG         
                config                             2007     2007        1         0

        CLASS   IDLOC          

        CLASS   EEDATA         



SEGMENTS        Name                           Load    Length   Top    Selector   Space  Class     Delta

                reset_vec                      000000  000003  000003         0       0  CODE        2
                strings                        000003  000012  000015         6       0  STRING      2
                cstackCOMMON                   000070  000009  000079        70       1  COMMON      1
                cinit                          000788  000004  00078C       F10       0  CODE        2
                text99                         00078C  00000B  000797       F18       0  CODE        2
                text101                        000797  000016  0007AD       F2E       0  CODE        2
                maintext                       0007AD  000026  0007D3       F5A       0  CODE        2
                text100                        0007D3  00002D  000800       FA6       0  CODE        2
                config                         002007  000001  002008      400E       0  CONFIG      2


UNUSED ADDRESS RANGES

        Name                Unused          Largest block    Delta
        BANK0            0020-006F             50           1
        BANK1            00A0-00EF             50           1
        BANK2            0110-016F             60           1
        BANK3            0190-01EF             60           1
        CODE             0015-0787            773           2
                         0800-1FFF            800
        COMMON           0079-007D              5           1
        CONST            0015-0787            100           2
                         0800-1FFF            100
        EEDATA           2100-21FF            100           2
        ENTRY            0015-0787            100           2
                         0800-1FFF            100
        IDLOC            2000-2003              4           2
        RAM              0020-006F             50           1
                         00A0-00EF             50
                         0110-016F             60
                         0190-01EF             60
        SFR0             0000-001F             20           1
        SFR1             0080-009F             20           1
        SFR2             0100-010F             10           1
        SFR3             0180-018F             10           1
        STRCODE          0015-0787            773           2
                         0800-1FFF           1800
        STRING           0015-0787            100           2
                         0800-1FFF            100

                                  Symbol Table

??_Init                     cstackCOMMON 0070
??_main                     cstackCOMMON 0075
??_spi_init                 cstackCOMMON 0070
??_spi_transfer_sync        cstackCOMMON 0073
?_Init                      cstackCOMMON 0070
?_main                      cstackCOMMON 0070
?_spi_init                  cstackCOMMON 0070
?_spi_transfer_sync         cstackCOMMON 0070
_CARRY                      (abs)        0018
_EEADR                      (abs)        010D
_EECON1                     (abs)        018C
_EECON2                     (abs)        018D
_EEDATA                     (abs)        010C
_GIE                        (abs)        005F
_Init                       text99       078C
_PIR1bits                   (abs)        000C
_RD                         (abs)        0C60
_SSPBUF                     (abs)        0013
_SSPCONbits                 (abs)        0014
_SSPSTATbits                (abs)        0094
_TRISA                      (abs)        0085
_TRISAbits                  (abs)        0085
_TRISB                      (abs)        0086
_TRISC                      (abs)        0087
_TRISCbits                  (abs)        0087
_WR                         (abs)        0C61
_WREN                       (abs)        0C62
__Habs1                     abs1         0000
__Hbank0                    bank0        0000
__Hbank1                    bank1        0000
__Hbank2                    bank2        0000
__Hbank3                    bank3        0000
__Hcinit                    cinit        0000
__Hclrtext                  clrtext      0000
__Hcode                     code         0000
__Hcommon                   common       0000
__Hconfig                   config       2008
__HcstackCOMMON             cstackCOMMON 0000
__Heeprom_data              eeprom_data  0000
__Hend_init                 end_init     0003
__Hfunctab                  functab      0000
__Hidloc                    idloc        0000
__Hinit                     init         0000
__Hintentry                 intentry     0000
__Hmaintext                 maintext     0000
__Hpowerup                  powerup      0000
__Hram                      ram          0000
__Hreset_vec                reset_vec    0000
__Hsfr0                     sfr0         0000
__Hsfr1                     sfr1         0000
__Hsfr2                     sfr2         0000
__Hsfr3                     sfr3         0000
__Hstrings                  strings      0000
__Htext                     text         0000
__Labs1                     abs1         0000
__Lbank0                    bank0        0000
__Lbank1                    bank1        0000
__Lbank2                    bank2        0000
__Lbank3                    bank3        0000
__Lcinit                    cinit        0000
__Lclrtext                  clrtext      0000
__Lcode                     code         0000
__Lcommon                   common       0000
__Lconfig                   config       2007
__LcstackCOMMON             cstackCOMMON 0000
__Leeprom_data              eeprom_data  0000
__Lend_init                 end_init     0000
__Lfunctab                  functab      0000
__Lidloc                    idloc        0000
__Linit                     init         0000
__Lintentry                 intentry     0000
__Lmaintext                 maintext     0000
__Lpowerup                  powerup      0000
__Lram                      ram          0000
__Lreset_vec                reset_vec    0000
__Lsfr0                     sfr0         0000
__Lsfr1                     sfr1         0000
__Lsfr2                     sfr2         0000
__Lsfr3                     sfr3         0000
__Lstrings                  strings      0000
__Ltext                     text         0000
__S0                        (abs)        2008
__S1                        (abs)        0079
__S2                        (abs)        0000
__end_of_Init               text99       0797
__end_of_main               maintext     07D3
__end_of_spi_init           text101      07AD
__end_of_spi_transfer_sync  text100      0800
__pcstackCOMMON             cstackCOMMON 0070
__pmaintext                 maintext     07AD
__pstrings                  strings      0003
__ptext100                  text100      07D3
__ptext101                  text101      0797
__ptext102                  text102      0000
__ptext98                   text98       0000
__ptext99                   text99       078C
__size_of_Init              (abs)        0000
__size_of_main              (abs)        0000
__size_of_spi_init          (abs)        0000
__size_of_spi_transfer_sync (abs)        0000
_exit                       init         0000
_main                       maintext     07AD
_spi_init                   text101      0797
_spi_transfer_sync          text100      07D3
btemp                       (abs)        007E
end_of_initialization       cinit        0788
intlevel0                   functab      0000
intlevel1                   functab      0000
intlevel2                   functab      0000
intlevel3                   functab      0000
intlevel4                   functab      0000
intlevel5                   functab      0000
main@tmp                    cstackCOMMON 0078
reset_vec                   reset_vec    0000
spi_transfer_sync@datain    cstackCOMMON 0070
spi_transfer_sync@dataout   cstackCOMMON 0074
spi_transfer_sync@length    cstackCOMMON 0071
start                       init         0000
start_initialization        cinit        0788
wtemp0                      (abs)        007E
